<html>
<body>
<pre>
<h1>µVision Build Log</h1>
<h2>Tool Versions:</h2>
IDE-Version: ¦ÌVision V5.18.0.0
Copyright (C) 2016 ARM Ltd and ARM Germany GmbH. All rights reserved.
License Information: zhang ph, Sky123.Org, LIC=HF8WF-6Q1T0-HQJ0I-TA363-0ZQPW-RDW2S
 
Tool Versions:
Toolchain:       MDK-ARM Professional  Version: 5.18
Toolchain Path:  C:\Keil_v5\ARM\ARMCC\Bin
C Compiler:      Armcc.exe V5.06 update 1 (build 61)
Assembler:       Armasm.exe V5.06 update 1 (build 61)
Linker/Locator:  ArmLink.exe V5.06 update 1 (build 61)
Library Manager: ArmAr.exe V5.06 update 1 (build 61)
Hex Converter:   FromElf.exe V5.06 update 1 (build 61)
CPU DLL:         SARMCM3.DLL V5.18
Dialog DLL:      DCM.DLL V1.13.6.0
Target DLL:      Segger\JL2CM3.dll V2.99.18.0
Dialog DLL:      TCM.DLL V1.14.8.0
 
<h2>Project:</h2>
E:\CTP\USER\TOUCH.uvprojx
Project File Date:  06/28/2016

<h2>Output:</h2>
*** Using Compiler 'V5.06 update 1 (build 61)', folder: 'C:\Keil_v5\ARM\ARMCC\Bin'
Rebuild target 'TOUCH'
compiling system_stm32f4xx.c...
compiling stm32f4xx_it.c...
compiling main.c...
compiling led.c...
compiling key.c...
compiling lcd.c...
compiling 24cxx.c...
compiling ctiic.c...
compiling myiic.c...
compiling ott2001a.c...
compiling ft5206.c...
compiling gt5668.c...
compiling touch.c...
compiling sys.c...
compiling delay.c...
compiling usart.c...
assembling startup_stm32f40_41xxx.s...
compiling stm32f4xx_gpio.c...
compiling misc.c...
compiling stm32f4xx_fsmc.c...
compiling stm32f4xx_syscfg.c...
compiling stm32f4xx_rcc.c...
compiling stm32f4xx_usart.c...
linking...
Program Size: Code=39996 RO-data=6984 RW-data=112 ZI-data=1848  
FromELF: creating hex file...
"..\OBJ\TOUCH.axf" - 0 Error(s), 0 Warning(s).

<h2>Collection of Component include folders:</h2>
  E:\CTP\USER\RTE
  C:\Keil_v5\ARM\PACK\Keil\STM32F4xx_DFP\2.9.0\Drivers\CMSIS\Device\ST\STM32F4xx\Include

<h2>Collection of Component Files used:</h2>
Build Time Elapsed:  00:00:14
</pre>
</body>
</html>
