<html>
<body>
<pre>
<h1>礦ision Build Log</h1>
<h2>Tool Versions:</h2>
IDE-Version: μVision V5.21.1.0
Copyright (C) 2016 ARM Ltd and ARM Germany GmbH. All rights reserved.
License Information: li shuliang.li, byxlk, LIC=1WSII-TLNND-16RQV-PFCAX-Q06QR-VQNXH
 
Tool Versions:
Toolchain:       MDK-ARM Professional  Version: 5.21a
Toolchain Path:  C:\Keil_v521a\ARM\ARMCC\Bin
C Compiler:      Armcc.exe V5.06 update 3 (build 300)
Assembler:       Armasm.exe V5.06 update 3 (build 300)
Linker/Locator:  ArmLink.exe V5.06 update 3 (build 300)
Library Manager: ArmAr.exe V5.06 update 3 (build 300)
Hex Converter:   FromElf.exe V5.06 update 3 (build 300)
CPU DLL:         SARMCM3.DLL V5.21a
Dialog DLL:      DCM.DLL V1.13.8.0
Target DLL:      UL2CM3.DLL V1.158.5.0
Dialog DLL:      TCM.DLL V1.14.14.0
 
<h2>Project:</h2>
H:\智能电源监控系统\spms_disp\project\spms_disp.uvprojx
Project File Date:  07/31/2019

<h2>Output:</h2>
*** Using Compiler 'V5.06 update 3 (build 300)', folder: 'C:\Keil_v521a\ARM\ARMCC\Bin'
Rebuild target 'SmartPowerManageSystem'
assembling startup_stm32f429_439xx.s...
compiling SysInfoTest.c...
compiling param.c...
compiling TOUCH_STMPE811.c...
compiling bsp_ts_ft5x06.c...
compiling bsp_touch.c...
compiling bsp_tim_pwm.c...
compiling main.c...
compiling bsp_led.c...
compiling bsp_tft_lcd.c...
compiling bsp_tft_429.c...
compiling bsp_key.c...
compiling bsp_gt811.c...
compiling bsp_dwt.c...
compiling bsp.c...
compiling stm32f4xx_it.c...
compiling stm32f4xx_assert.c...
compiling bsp_uart_fifo.c...
compiling bsp_ext_io.c...
compiling bsp_i2c_gpio.c...
compiling bsp_fmc_sdram.c...
compiling bsp_user_lib.c...
compiling misc.c...
compiling bsp_sdio_sd.c...
compiling stm32f4xx_wwdg.c...
compiling system_stm32f4xx.c...
compiling bsp_eeprom_24xx.c...
compiling stm32f4xx_usart.c...
compiling stm32f4xx_tim.c...
compiling stm32f4xx_syscfg.c...
compiling stm32f4xx_pwr.c...
compiling stm32f4xx_ltdc.c...
compiling stm32f4xx_gpio.c...
compiling stm32f4xx_rtc.c...
compiling stm32f4xx_fmc.c...
compiling stm32f4xx_flash.c...
compiling asc12.c...
compiling asc16.c...
compiling hz12.c...
compiling hz16.c...
compiling hz24.c...
compiling stm32f4xx_exti.c...
compiling stm32f4xx_dma2d.c...
compiling stm32f4xx_dma.c...
compiling stm32f4xx_sdio.c...
compiling stm32f4xx_spi.c...
compiling hz32.c...
compiling ra8875_asc_width.c...
compiling stm32f4xx_rcc.c...
compiling GUI_X_FreeRTOS.c...
compiling MainTask.c...
compiling port.c...
compiling App_ScaleWin.c...
compiling heap_4.c...
compiling croutine.c...
compiling event_groups.c...
compiling list.c...
compiling queue.c...
compiling timers.c...
compiling tasks.c...
compiling ff.c...
compiling GUIConf.c...
compiling LCDConf_Lin_Template.c...
compiling diskio.c...
compiling App_SysFunction.c...
linking...
Program Size: Code=126396 RO-data=20216 RW-data=1260 ZI-data=50844  
FromELF: creating hex file...
After Build - User command #1: H:\智能电源监控系统\spms_disp\project\DelTempFile_CopyHex.bat
H:\智能电源监控系统\spms_disp\project>del /a /f /q ..\*.hex 
H:\智能电源监控系统\spms_disp\project>copy Objects\*.hex ..\spms_display_release_20190731-221331.hex 
Objects\spms_disp.hex
已复制         1 个文件。
H:\智能电源监控系统\spms_disp\project>dir ..\spms_display_release_20190731-221331.hex 
 驱动器 H 中的卷没有标签。
 卷的序列号是 0005-6791
 H:\智能电源监控系统\spms_disp 的目录
2019/07/31  22:13           413,440 spms_display_release_20190731-221331.hex
               1 个文件        413,440 字节
               0 个目录 45,287,198,720 可用字节
".\Objects\spms_disp.axf" - 0 Error(s), 0 Warning(s).

<h2>Collection of Component include folders:</h2>
  H:\智能电源监控系统\spms_disp\project\RTE
  C:\Keil_v521a\ARM\PACK\Keil\STM32F4xx_DFP\2.10.0\Drivers\CMSIS\Device\ST\STM32F4xx\Include

<h2>Collection of Component Files used:</h2>
Build Time Elapsed:  00:00:16
</pre>
</body>
</html>
